
[1m[46m RUN [49m[22m [36mv4.0.18 [39m[90mC:/Users/ronne/Documents/backup_101121/Projects/book-keeping-site[39m

 [31mΓ¥»[39m tests/integration/services.test.ts [2m([22m[2m8 tests[22m[2m | [22m[31m1 failed[39m[2m | [22m[33m7 skipped[39m[2m)[22m[32m 53[2mms[22m[39m
       [2m[90mΓåô[39m[22m should create a lead with intake validation
       [2m[90mΓåô[39m[22m should prevent duplicate emails
       [2m[90mΓåô[39m[22m should get lead by ID
       [2m[90mΓåô[39m[22m should throw NotFoundError for non-existent lead
       [2m[90mΓåô[39m[22m should create a booking and detect conflicts
       [2m[90mΓåô[39m[22m should create and retrieve a user
[31m       [31m├ù[31m should get and update schedule config[39m[32m 51[2mms[22m[39m
       [2m[90mΓåô[39m[22m should log actions and retrieve them
node.exe : 
At C:\nvm4w\nodejs\npx.ps1:16 char:5
+     & "$basedir/node$exe"  
"$basedir/node_modules/npm/bin/npx-cli.js" 
...
+     ~~~~~~~~~~~~~~~~~~~~~~~~~~~~~~~~~~~~~~~
~~~~~~~~~~~~~~~~~~~~~~~~~~
    + CategoryInfo          : NotSpecified:  
   (:String) [], RemoteException
    + FullyQualifiedErrorId : NativeCommandE 
   rror
 
[31mΓÄ»ΓÄ»ΓÄ»ΓÄ»ΓÄ»ΓÄ»ΓÄ»[39m[1m[41m 
Failed Tests 1 
[49m[22m[31mΓÄ»ΓÄ»ΓÄ»ΓÄ»ΓÄ»ΓÄ»ΓÄ»[39m

[41m[1m FAIL [22m[49m 
tests/integration/services.test.ts[2m > 
[22mService Integration Tests[2m > 
[22mScheduleConfigService[2m > [22mshould 
get and update schedule config
[31m[1mAssertionError[22m: expected 
'America/New_York' to be 'UTC' // Object.is 
equality[39m

Expected: [32m"UTC"[39m
Received: [31m"America/New_York"[39m

[36m [2mΓ¥»[22m tests/integration/services
.test.ts:[2m163:44[22m[39m
    [90m161| [39m            const config 
= await 
ScheduleConfigService.getScheduleConfΓÇª
    [90m162| [39m            [34mexpect[3
9m(config[33m.[39mid)[33m.[39m[34mtoBeDe
fined[39m()[33m;[39m
    [90m163| [39m            [34mexpect[3
9m(config[33m.[39mtimezoneDefault)[33m.[3
9m[34mtoBe[39m([32m'UTC'[39m)[33m;[39m
    [90m   | [39m                          
                 [31m^[39m
    [90m164| [39m
    [90m165| [39m            const updated 
= await 
ScheduleConfigService.updateScheduleΓÇª

[31m[2mΓÄ»ΓÄ»ΓÄ»ΓÄ»ΓÄ»ΓÄ»ΓÄ»ΓÄ»ΓÄ»ΓÄ»ΓÄ»ΓÄ»
ΓÄ»ΓÄ»ΓÄ»ΓÄ»ΓÄ»ΓÄ»ΓÄ»ΓÄ»ΓÄ»ΓÄ»ΓÄ»ΓÄ»[1/1]ΓÄ»
[22m[39m


[2m Test Files [22m [1m[31m1 failed[39m[22m[90m (1)[39m
[2m      Tests [22m [1m[31m1 failed[39m[22m[2m | [22m[33m7 skipped[39m[90m (8)[39m
[2m   Start at [22m 14:53:33
[2m   Duration [22m 1.33s[2m (transform 210ms, setup 0ms, import 347ms, tests 53ms, environment 735ms)[22m

